Traceback (most recent call last):
  File "/Users/vibarra/Venv/lib/python3.9/site-packages/jupyter_cache/executors/utils.py", line 58, in single_nb_execution
    executenb(
  File "/Users/vibarra/Venv/lib/python3.9/site-packages/nbclient/client.py", line 1314, in execute
    return NotebookClient(nb=nb, resources=resources, km=km, **kwargs).execute()
  File "/Users/vibarra/Venv/lib/python3.9/site-packages/jupyter_core/utils/__init__.py", line 165, in wrapped
    return loop.run_until_complete(inner)
  File "/opt/homebrew/Cellar/python@3.9/3.9.21/Frameworks/Python.framework/Versions/3.9/lib/python3.9/asyncio/base_events.py", line 647, in run_until_complete
    return future.result()
  File "/Users/vibarra/Venv/lib/python3.9/site-packages/nbclient/client.py", line 709, in async_execute
    await self.async_execute_cell(
  File "/Users/vibarra/Venv/lib/python3.9/site-packages/nbclient/client.py", line 1062, in async_execute_cell
    await self._check_raise_for_error(cell, cell_index, exec_reply)
  File "/Users/vibarra/Venv/lib/python3.9/site-packages/nbclient/client.py", line 918, in _check_raise_for_error
    raise CellExecutionError.from_cell_and_msg(cell, exec_reply_content)
nbclient.exceptions.CellExecutionError: An error occurred while executing the following cell:
------------------
import numpy as np
import matplotlib.pyplot as plt
from matplotlib.colors import ListedColormap
from sklearn.ensemble import AdaBoostClassifier
from sklearn.tree import DecisionTreeClassifier
from sklearn.svm import SVC
from sklearn.naive_bayes import GaussianNB
from sklearn.model_selection import train_test_split
from sklearn.datasets import make_moons



def plot_decision_boundary(clf, X, y, axes=[-1.5, 2.5, -1, 1.5], alpha=0.5, contour=True):
    x1s = np.linspace(axes[0], axes[1], 100)
    x2s = np.linspace(axes[2], axes[3], 100)
    x1, x2 = np.meshgrid(x1s, x2s)
    X_new = np.c_[x1.ravel(), x2.ravel()]
    y_pred = clf.predict(X_new).reshape(x1.shape)
    mapp = ListedColormap(['#FF0000', '#00FF00'])
    map = ListedColormap(['#fafab0','#9898ff','#a0faa0'])
    plt.contourf(x1, x2, y_pred, alpha=1, cmap=map)
    if contour:
        plt.contour(x1, x2, y_pred, alpha=0.7)
    plt.scatter(X[:, 0], X[:, 1], c=y, cmap=mapp,edgecolors='k')
    plt.axis(axes)
    plt.xlabel(r"$x_1$", fontsize=14)
    plt.ylabel(r"$x_2$", fontsize=14, rotation=0)

X, y = make_moons(n_samples=700, noise=0.30, random_state=42)
X_train, X_test, y_train, y_test = train_test_split(X, y, random_state=42)

nb_weak = 10

# Adaboost sur arbres de décision
adaDT_clf = AdaBoostClassifier(DecisionTreeClassifier(max_depth=1), 
                               n_estimators=nb_weak,algorithm="SAMME.R", 
                               learning_rate=0.5, random_state=42)
# Adaboost sur SVM
adaSVC_clf = AdaBoostClassifier(SVC(kernel="rbf", C=50, random_state=42,gamma='auto'), 
                                n_estimators=nb_weak,algorithm="SAMME", 
                                learning_rate=1, random_state=42)
# Classifieur de Bayes naif gaussien
adaGAU_clf = AdaBoostClassifier(GaussianNB(), n_estimators=nb_weak,
    algorithm="SAMME.R", learning_rate=0.5, random_state=42)

plt.figure(figsize=(18, 4))
for clf,i,title in ((adaDT_clf,1,'Arbres de décision'), 
                    (adaSVC_clf,2,'SVM'), 
                    (adaGAU_clf,3,'Classifieur naïf gaussien')):
    clf.fit(X_train, y_train)
    plt.subplot(1,3,i)
    plt.title(title)
    plot_decision_boundary(clf, X, y)
------------------


[0;31m---------------------------------------------------------------------------[0m
[0;31mInvalidParameterError[0m                     Traceback (most recent call last)
Cell [0;32mIn[1], line 50[0m
[1;32m     46[0m plt[38;5;241m.[39mfigure(figsize[38;5;241m=[39m([38;5;241m18[39m, [38;5;241m4[39m))
[1;32m     47[0m [38;5;28;01mfor[39;00m clf,i,title [38;5;129;01min[39;00m ((adaDT_clf,[38;5;241m1[39m,[38;5;124m'[39m[38;5;124mArbres de décision[39m[38;5;124m'[39m), 
[1;32m     48[0m                     (adaSVC_clf,[38;5;241m2[39m,[38;5;124m'[39m[38;5;124mSVM[39m[38;5;124m'[39m), 
[1;32m     49[0m                     (adaGAU_clf,[38;5;241m3[39m,[38;5;124m'[39m[38;5;124mClassifieur naïf gaussien[39m[38;5;124m'[39m)):
[0;32m---> 50[0m     [43mclf[49m[38;5;241;43m.[39;49m[43mfit[49m[43m([49m[43mX_train[49m[43m,[49m[43m [49m[43my_train[49m[43m)[49m
[1;32m     51[0m     plt[38;5;241m.[39msubplot([38;5;241m1[39m,[38;5;241m3[39m,i)
[1;32m     52[0m     plt[38;5;241m.[39mtitle(title)

File [0;32m~/Venv/lib/python3.9/site-packages/sklearn/base.py:1382[0m, in [0;36m_fit_context.<locals>.decorator.<locals>.wrapper[0;34m(estimator, *args, **kwargs)[0m
[1;32m   1377[0m partial_fit_and_fitted [38;5;241m=[39m (
[1;32m   1378[0m     fit_method[38;5;241m.[39m[38;5;18m__name__[39m [38;5;241m==[39m [38;5;124m"[39m[38;5;124mpartial_fit[39m[38;5;124m"[39m [38;5;129;01mand[39;00m _is_fitted(estimator)
[1;32m   1379[0m )
[1;32m   1381[0m [38;5;28;01mif[39;00m [38;5;129;01mnot[39;00m global_skip_validation [38;5;129;01mand[39;00m [38;5;129;01mnot[39;00m partial_fit_and_fitted:
[0;32m-> 1382[0m     [43mestimator[49m[38;5;241;43m.[39;49m[43m_validate_params[49m[43m([49m[43m)[49m
[1;32m   1384[0m [38;5;28;01mwith[39;00m config_context(
[1;32m   1385[0m     skip_parameter_validation[38;5;241m=[39m(
[1;32m   1386[0m         prefer_skip_nested_validation [38;5;129;01mor[39;00m global_skip_validation
[1;32m   1387[0m     )
[1;32m   1388[0m ):
[1;32m   1389[0m     [38;5;28;01mreturn[39;00m fit_method(estimator, [38;5;241m*[39margs, [38;5;241m*[39m[38;5;241m*[39mkwargs)

File [0;32m~/Venv/lib/python3.9/site-packages/sklearn/base.py:436[0m, in [0;36mBaseEstimator._validate_params[0;34m(self)[0m
[1;32m    428[0m [38;5;28;01mdef[39;00m [38;5;21m_validate_params[39m([38;5;28mself[39m):
[1;32m    429[0m [38;5;250m    [39m[38;5;124;03m"""Validate types and values of constructor parameters[39;00m
[1;32m    430[0m 
[1;32m    431[0m [38;5;124;03m    The expected type and values must be defined in the `_parameter_constraints`[39;00m
[0;32m   (...)[0m
[1;32m    434[0m [38;5;124;03m    accepted constraints.[39;00m
[1;32m    435[0m [38;5;124;03m    """[39;00m
[0;32m--> 436[0m     [43mvalidate_parameter_constraints[49m[43m([49m
[1;32m    437[0m [43m        [49m[38;5;28;43mself[39;49m[38;5;241;43m.[39;49m[43m_parameter_constraints[49m[43m,[49m
[1;32m    438[0m [43m        [49m[38;5;28;43mself[39;49m[38;5;241;43m.[39;49m[43mget_params[49m[43m([49m[43mdeep[49m[38;5;241;43m=[39;49m[38;5;28;43;01mFalse[39;49;00m[43m)[49m[43m,[49m
[1;32m    439[0m [43m        [49m[43mcaller_name[49m[38;5;241;43m=[39;49m[38;5;28;43mself[39;49m[38;5;241;43m.[39;49m[38;5;18;43m__class__[39;49m[38;5;241;43m.[39;49m[38;5;18;43m__name__[39;49m[43m,[49m
[1;32m    440[0m [43m    [49m[43m)[49m

File [0;32m~/Venv/lib/python3.9/site-packages/sklearn/utils/_param_validation.py:98[0m, in [0;36mvalidate_parameter_constraints[0;34m(parameter_constraints, params, caller_name)[0m
[1;32m     92[0m [38;5;28;01melse[39;00m:
[1;32m     93[0m     constraints_str [38;5;241m=[39m (
[1;32m     94[0m         [38;5;124mf[39m[38;5;124m"[39m[38;5;132;01m{[39;00m[38;5;124m'[39m[38;5;124m, [39m[38;5;124m'[39m[38;5;241m.[39mjoin([[38;5;28mstr[39m(c)[38;5;250m [39m[38;5;28;01mfor[39;00m[38;5;250m [39mc[38;5;250m [39m[38;5;129;01min[39;00m[38;5;250m [39mconstraints[:[38;5;241m-[39m[38;5;241m1[39m]])[38;5;132;01m}[39;00m[38;5;124m or[39m[38;5;124m"[39m
[1;32m     95[0m         [38;5;124mf[39m[38;5;124m"[39m[38;5;124m [39m[38;5;132;01m{[39;00mconstraints[[38;5;241m-[39m[38;5;241m1[39m][38;5;132;01m}[39;00m[38;5;124m"[39m
[1;32m     96[0m     )
[0;32m---> 98[0m [38;5;28;01mraise[39;00m InvalidParameterError(
[1;32m     99[0m     [38;5;124mf[39m[38;5;124m"[39m[38;5;124mThe [39m[38;5;132;01m{[39;00mparam_name[38;5;132;01m!r}[39;00m[38;5;124m parameter of [39m[38;5;132;01m{[39;00mcaller_name[38;5;132;01m}[39;00m[38;5;124m must be[39m[38;5;124m"[39m
[1;32m    100[0m     [38;5;124mf[39m[38;5;124m"[39m[38;5;124m [39m[38;5;132;01m{[39;00mconstraints_str[38;5;132;01m}[39;00m[38;5;124m. Got [39m[38;5;132;01m{[39;00mparam_val[38;5;132;01m!r}[39;00m[38;5;124m instead.[39m[38;5;124m"[39m
[1;32m    101[0m )

[0;31mInvalidParameterError[0m: The 'algorithm' parameter of AdaBoostClassifier must be a str among {'SAMME'}. Got 'SAMME.R' instead.

